---
source: tests/cli_help.rs
expression: stdout
---
Usage: fj tag [OPTIONS] <COMMAND>

Commands:
  create  Create a new tag
  delete  Delete a tag
  list    List all the tags on a repo
  view    View a tag's info
  help    Print this message or the help of the given subcommand(s)

Options:
  -R, --remote <REMOTE>  The local git remote that points to the repo to operate on
  -r, --repo <REPO>      The name of the repository to operate on
  -y, --yes              Skip all confirmation prompts (auto-confirm destructive actions)
  -v, --verbose          Show verbose output (API calls, resolution steps)
  -h, --help             Print help
