---
source: tests/cli_help.rs
expression: stdout
---
List and manage workflow run artifacts

Usage: fj actions artifact [OPTIONS] <COMMAND>

Commands:
  list      List artifacts
  download  Download an artifact's ZIP archive
  delete    Delete an artifact
  help      Print this message or the help of the given subcommand(s)

Options:
  -H, --host <HOST>      
  -R, --remote <REMOTE>  The local git remote that points to the repo to operate on
  -r, --repo <REPO>      The repo to operate on
  -y, --yes              Skip all confirmation prompts (auto-confirm destructive actions)
  -v, --verbose          Show verbose output (API calls, resolution steps)
  -h, --help             Print help
