---
source: tests/cli_help.rs
expression: stdout
---
Usage: fj issue [OPTIONS] <COMMAND>

Commands:
  create     Create a new issue on a repo
  edit       Edit an issue
  comment    Add a comment on an issue
  close      Close an issue
  reopen     Reopen a closed issue
  search     Search for an issue in a repo
  view       View an issue's info
  templates  List the issue templates in a repo
  browse     Open an issue in your browser
  help       Print this message or the help of the given subcommand(s)

Options:
  -R, --remote <REMOTE>  The local git remote that points to the repo to operate on
  -y, --yes              Skip all confirmation prompts (auto-confirm destructive actions)
  -v, --verbose          Show verbose output (API calls, resolution steps)
  -h, --help             Print help
